<?xml version="1.0" encoding="utf-8"?>
<TestRun id="e3e048b9-59d8-4c03-9909-47c5e9a1fb44" name="suba@SUBA_VACHU 2025-11-05 21:27:43" runUser="SUBA_VACHU\suba" xmlns="http://microsoft.com/schemas/VisualStudio/TeamTest/2010">
  <Times creation="2025-11-05T21:27:43.5216432+05:30" queuing="2025-11-05T21:27:43.5216437+05:30" start="2025-11-05T21:27:35.6174740+05:30" finish="2025-11-05T21:28:38.3948880+05:30" />
  <TestSettings name="default" id="fb9eded8-161e-495c-939e-c33037da23c3">
    <Deployment runDeploymentRoot="suba_SUBA_VACHU_2025-11-05_21_27_43" />
  </TestSettings>
  <Results>
    <UnitTestResult executionId="4d4ea061-2402-4c36-8709-6ebdd182b163" testId="5b394d8f-75f9-8aa7-9717-8d787853dabf" testName="PriceAndName" computerName="SUBA_VACHU" duration="00:00:06.3902680" startTime="2025-11-05T21:28:20.0591063+05:30" endTime="2025-11-05T21:28:26.4493736+05:30" testType="13cdc9d9-ddb5-4fa4-a97d-d965ccfc6d4b" outcome="Passed" testListId="8c84fa94-04c1-424b-9868-57a2d4851a1d" relativeResultsDirectory="4d4ea061-2402-4c36-8709-6ebdd182b163">
      <Output>
        <StdOut>Book: Selenium Ruby | Price: ₹500.00&#xD;
Book: Thinking in HTML | Price: ₹450.00&#xD;
₹400.00&#xD;
Book: Mastering JavaScript | Price: ₹350.00&#xD;
Total number of hyperlinks: 23</StdOut>
      </Output>
    </UnitTestResult>
    <UnitTestResult executionId="5da1a9b8-5e8d-4d77-b86a-d1529da7f052" testId="af8c816a-1a12-bafd-d4c4-f017a4af07f4" testName="Fetch" computerName="SUBA_VACHU" duration="00:00:05.9334700" startTime="2025-11-05T21:28:00.7753983+05:30" endTime="2025-11-05T21:28:06.7088682+05:30" testType="13cdc9d9-ddb5-4fa4-a97d-d965ccfc6d4b" outcome="Passed" testListId="8c84fa94-04c1-424b-9868-57a2d4851a1d" relativeResultsDirectory="5da1a9b8-5e8d-4d77-b86a-d1529da7f052">
      <Output>
        <StdOut>The cities are :Chennai&#xD;
The cities are :Bengaluru&#xD;
The cities are :Kolkata&#xD;
The cities are :Chennai&#xD;
The cities are :Pune&#xD;
The cities are :Chennai&#xD;
The cities are :Mumbai&#xD;
The cities are :Chennai&#xD;
The cities are :Delhi&#xD;
The sorted cities are:Bengaluru, Chennai, Chennai, Chennai, Chennai, Delhi, Kolkata, Mumbai, Pune</StdOut>
      </Output>
    </UnitTestResult>
    <UnitTestResult executionId="df6d673f-3d76-4374-a083-3ed7a6d36864" testId="e8f1371e-9c54-cc06-9485-d7cfb28b50ae" testName="authentication" computerName="SUBA_VACHU" duration="00:00:06.8970940" startTime="2025-11-05T21:27:36.5704476+05:30" endTime="2025-11-05T21:27:43.4674899+05:30" testType="13cdc9d9-ddb5-4fa4-a97d-d965ccfc6d4b" outcome="Passed" testListId="8c84fa94-04c1-424b-9868-57a2d4851a1d" relativeResultsDirectory="df6d673f-3d76-4374-a083-3ed7a6d36864" />
    <UnitTestResult executionId="427af028-c5da-42da-ab85-9b38177b2043" testId="9bacdad4-5295-a9f9-bec7-45ea3e1f3efe" testName="DropDown" computerName="SUBA_VACHU" duration="00:00:10.1997630" startTime="2025-11-05T21:27:43.4689295+05:30" endTime="2025-11-05T21:27:53.6686928+05:30" testType="13cdc9d9-ddb5-4fa4-a97d-d965ccfc6d4b" outcome="Passed" testListId="8c84fa94-04c1-424b-9868-57a2d4851a1d" relativeResultsDirectory="427af028-c5da-42da-ab85-9b38177b2043">
      <Output>
        <StdOut>Select&#xD;
              country&#xD;
Afghanistan&#xD;
Aland Islands&#xD;
Albania&#xD;
Algeria&#xD;
American Samoa&#xD;
Andorra&#xD;
Angola&#xD;
Anguilla&#xD;
Antarctica&#xD;
Antigua and Barbuda&#xD;
Argentina&#xD;
Armenia&#xD;
Aruba&#xD;
Australia&#xD;
Austria&#xD;
Azerbaijan&#xD;
Bahamas&#xD;
Bahrain&#xD;
Bangladesh&#xD;
Barbados&#xD;
Belarus&#xD;
Belgium&#xD;
Belize&#xD;
Benin&#xD;
Bermuda&#xD;
Bhutan&#xD;
Bolivia&#xD;
Bonaire, Sint Eustatius and Saba&#xD;
Bosnia and Herzegovina&#xD;
Botswana&#xD;
Bouvet Island&#xD;
Brazil&#xD;
British Indian Ocean Territory&#xD;
Brunei Darussalam&#xD;
Bulgaria&#xD;
Burkina Faso&#xD;
Burundi&#xD;
Cambodia&#xD;
Cameroon&#xD;
Canada&#xD;
Cape Verde&#xD;
Cayman Islands&#xD;
Central African Republic&#xD;
Chad&#xD;
Chile&#xD;
China&#xD;
Christmas Island&#xD;
Cocos (Keeling) Islands&#xD;
Colombia&#xD;
Comoros&#xD;
Congo&#xD;
Congo, Democratic Republic of the Congo&#xD;
Cook Islands&#xD;
Costa Rica&#xD;
Cote D'Ivoire&#xD;
Croatia&#xD;
Cuba&#xD;
Curacao&#xD;
Cyprus&#xD;
Czech Republic&#xD;
Denmark&#xD;
Djibouti&#xD;
Dominica&#xD;
Dominican Republic&#xD;
Ecuador&#xD;
Egypt&#xD;
El Salvador&#xD;
Equatorial Guinea&#xD;
Eritrea&#xD;
Estonia&#xD;
Ethiopia&#xD;
Falkland Islands (Malvinas)&#xD;
Faroe Islands&#xD;
Fiji&#xD;
Finland&#xD;
France&#xD;
French Guiana&#xD;
French Polynesia&#xD;
French Southern Territories&#xD;
Gabon&#xD;
Gambia&#xD;
Georgia&#xD;
Germany&#xD;
Ghana&#xD;
Gibraltar&#xD;
Greece&#xD;
Greenland&#xD;
Grenada&#xD;
Guadeloupe&#xD;
Guam&#xD;
Guatemala&#xD;
Guernsey&#xD;
Guinea&#xD;
Guinea-Bissau&#xD;
Guyana&#xD;
Haiti&#xD;
Heard Island and Mcdonald Islands&#xD;
Holy See (Vatican City State)&#xD;
Honduras&#xD;
Hong Kong&#xD;
Hungary&#xD;
Iceland&#xD;
India&#xD;
Indonesia&#xD;
Iran, Islamic Republic of&#xD;
Iraq&#xD;
Ireland&#xD;
Isle of Man&#xD;
Italy&#xD;
Jamaica&#xD;
Japan&#xD;
Jersey&#xD;
Jordan&#xD;
Kazakhstan&#xD;
Kenya&#xD;
Kiribati&#xD;
Korea, Democratic People's Republic of&#xD;
Korea, Republic of&#xD;
Kosovo&#xD;
Kuwait&#xD;
Kyrgyzstan&#xD;
Lao People's Democratic Republic&#xD;
Latvia&#xD;
Lebanon&#xD;
Lesotho&#xD;
Liberia&#xD;
Libyan Arab Jamahiriya&#xD;
Liechtenstein&#xD;
Lithuania&#xD;
Luxembourg&#xD;
Macao&#xD;
Macedonia, the Former Yugoslav Republic of&#xD;
Madagascar&#xD;
Malawi&#xD;
Malaysia&#xD;
Maldives&#xD;
Mali&#xD;
Malta&#xD;
Marshall Islands&#xD;
Martinique&#xD;
Mauritania&#xD;
Mauritius&#xD;
Mayotte&#xD;
Mexico&#xD;
Micronesia, Federated States of&#xD;
Moldova, Republic of&#xD;
Monaco&#xD;
Mongolia&#xD;
Montenegro&#xD;
Montserrat&#xD;
Morocco&#xD;
Mozambique&#xD;
Myanmar&#xD;
Namibia&#xD;
Nauru&#xD;
Nepal&#xD;
Netherlands&#xD;
Netherlands Antilles&#xD;
New Caledonia&#xD;
New Zealand&#xD;
Nicaragua&#xD;
Niger&#xD;
Nigeria&#xD;
Niue&#xD;
Norfolk Island&#xD;
Northern Mariana Islands&#xD;
Norway&#xD;
Oman&#xD;
Pakistan&#xD;
Palau&#xD;
Palestinian Territory, Occupied&#xD;
Panama&#xD;
Papua New Guinea&#xD;
Paraguay&#xD;
Peru&#xD;
Philippines&#xD;
Pitcairn&#xD;
Poland&#xD;
Portugal&#xD;
Puerto Rico&#xD;
Qatar&#xD;
Reunion&#xD;
Romania&#xD;
Russian Federation&#xD;
Rwanda&#xD;
Saint Barthelemy&#xD;
Saint Helena&#xD;
Saint Kitts and Nevis&#xD;
Saint Lucia&#xD;
Saint Martin&#xD;
Saint Pierre and Miquelon&#xD;
Saint Vincent and the Grenadines&#xD;
Samoa&#xD;
San Marino&#xD;
Sao Tome and Principe&#xD;
Saudi Arabia&#xD;
Senegal&#xD;
Serbia&#xD;
Serbia and Montenegro&#xD;
Seychelles&#xD;
Sierra Leone&#xD;
Singapore&#xD;
Sint Maarten&#xD;
Slovakia&#xD;
Slovenia&#xD;
Solomon Islands&#xD;
Somalia&#xD;
South Africa&#xD;
South Georgia and the South Sandwich Islands&#xD;
South Sudan&#xD;
Spain&#xD;
Sri Lanka&#xD;
Sudan&#xD;
Suriname&#xD;
Svalbard and Jan Mayen&#xD;
Swaziland&#xD;
Sweden&#xD;
Switzerland&#xD;
Syrian Arab Republic&#xD;
Taiwan, Province of China&#xD;
Tajikistan&#xD;
Tanzania, United Republic of&#xD;
Thailand&#xD;
Timor-Leste&#xD;
Togo&#xD;
Tokelau&#xD;
Tonga&#xD;
Trinidad and Tobago&#xD;
Tunisia&#xD;
Turkey&#xD;
Turkmenistan&#xD;
Turks and Caicos Islands&#xD;
Tuvalu&#xD;
Uganda&#xD;
Ukraine&#xD;
United Arab Emirates&#xD;
United Kingdom&#xD;
United States&#xD;
United States Minor Outlying Islands&#xD;
Uruguay&#xD;
Uzbekistan&#xD;
Vanuatu&#xD;
Venezuela&#xD;
Viet Nam&#xD;
Virgin Islands, British&#xD;
Virgin Islands, U.s.&#xD;
Wallis and Futuna&#xD;
Western Sahara&#xD;
Yemen&#xD;
Zambia&#xD;
Zimbabwe&#xD;
After removing India&#xD;
Select&#xD;
              country&#xD;
Afghanistan&#xD;
Aland Islands&#xD;
Albania&#xD;
Algeria&#xD;
American Samoa&#xD;
Andorra&#xD;
Angola&#xD;
Anguilla&#xD;
Antarctica&#xD;
Antigua and Barbuda&#xD;
Argentina&#xD;
Armenia&#xD;
Aruba&#xD;
Australia&#xD;
Austria&#xD;
Azerbaijan&#xD;
Bahamas&#xD;
Bahrain&#xD;
Bangladesh&#xD;
Barbados&#xD;
Belarus&#xD;
Belgium&#xD;
Belize&#xD;
Benin&#xD;
Bermuda&#xD;
Bhutan&#xD;
Bolivia&#xD;
Bonaire, Sint Eustatius and Saba&#xD;
Bosnia and Herzegovina&#xD;
Botswana&#xD;
Bouvet Island&#xD;
Brazil&#xD;
British Indian Ocean Territory&#xD;
Brunei Darussalam&#xD;
Bulgaria&#xD;
Burkina Faso&#xD;
Burundi&#xD;
Cambodia&#xD;
Cameroon&#xD;
Canada&#xD;
Cape Verde&#xD;
Cayman Islands&#xD;
Central African Republic&#xD;
Chad&#xD;
Chile&#xD;
China&#xD;
Christmas Island&#xD;
Cocos (Keeling) Islands&#xD;
Colombia&#xD;
Comoros&#xD;
Congo&#xD;
Congo, Democratic Republic of the Congo&#xD;
Cook Islands&#xD;
Costa Rica&#xD;
Cote D'Ivoire&#xD;
Croatia&#xD;
Cuba&#xD;
Curacao&#xD;
Cyprus&#xD;
Czech Republic&#xD;
Denmark&#xD;
Djibouti&#xD;
Dominica&#xD;
Dominican Republic&#xD;
Ecuador&#xD;
Egypt&#xD;
El Salvador&#xD;
Equatorial Guinea&#xD;
Eritrea&#xD;
Estonia&#xD;
Ethiopia&#xD;
Falkland Islands (Malvinas)&#xD;
Faroe Islands&#xD;
Fiji&#xD;
Finland&#xD;
France&#xD;
French Guiana&#xD;
French Polynesia&#xD;
French Southern Territories&#xD;
Gabon&#xD;
Gambia&#xD;
Georgia&#xD;
Germany&#xD;
Ghana&#xD;
Gibraltar&#xD;
Greece&#xD;
Greenland&#xD;
Grenada&#xD;
Guadeloupe&#xD;
Guam&#xD;
Guatemala&#xD;
Guernsey&#xD;
Guinea&#xD;
Guinea-Bissau&#xD;
Guyana&#xD;
Haiti&#xD;
Heard Island and Mcdonald Islands&#xD;
Holy See (Vatican City State)&#xD;
Honduras&#xD;
Hong Kong&#xD;
Hungary&#xD;
Iceland&#xD;
Indonesia&#xD;
Iran, Islamic Republic of&#xD;
Iraq&#xD;
Ireland&#xD;
Isle of Man&#xD;
Italy&#xD;
Jamaica&#xD;
Japan&#xD;
Jersey&#xD;
Jordan&#xD;
Kazakhstan&#xD;
Kenya&#xD;
Kiribati&#xD;
Korea, Democratic People's Republic of&#xD;
Korea, Republic of&#xD;
Kosovo&#xD;
Kuwait&#xD;
Kyrgyzstan&#xD;
Lao People's Democratic Republic&#xD;
Latvia&#xD;
Lebanon&#xD;
Lesotho&#xD;
Liberia&#xD;
Libyan Arab Jamahiriya&#xD;
Liechtenstein&#xD;
Lithuania&#xD;
Luxembourg&#xD;
Macao&#xD;
Macedonia, the Former Yugoslav Republic of&#xD;
Madagascar&#xD;
Malawi&#xD;
Malaysia&#xD;
Maldives&#xD;
Mali&#xD;
Malta&#xD;
Marshall Islands&#xD;
Martinique&#xD;
Mauritania&#xD;
Mauritius&#xD;
Mayotte&#xD;
Mexico&#xD;
Micronesia, Federated States of&#xD;
Moldova, Republic of&#xD;
Monaco&#xD;
Mongolia&#xD;
Montenegro&#xD;
Montserrat&#xD;
Morocco&#xD;
Mozambique&#xD;
Myanmar&#xD;
Namibia&#xD;
Nauru&#xD;
Nepal&#xD;
Netherlands&#xD;
Netherlands Antilles&#xD;
New Caledonia&#xD;
New Zealand&#xD;
Nicaragua&#xD;
Niger&#xD;
Nigeria&#xD;
Niue&#xD;
Norfolk Island&#xD;
Northern Mariana Islands&#xD;
Norway&#xD;
Oman&#xD;
Pakistan&#xD;
Palau&#xD;
Palestinian Territory, Occupied&#xD;
Panama&#xD;
Papua New Guinea&#xD;
Paraguay&#xD;
Peru&#xD;
Philippines&#xD;
Pitcairn&#xD;
Poland&#xD;
Portugal&#xD;
Puerto Rico&#xD;
Qatar&#xD;
Reunion&#xD;
Romania&#xD;
Russian Federation&#xD;
Rwanda&#xD;
Saint Barthelemy&#xD;
Saint Helena&#xD;
Saint Kitts and Nevis&#xD;
Saint Lucia&#xD;
Saint Martin&#xD;
Saint Pierre and Miquelon&#xD;
Saint Vincent and the Grenadines&#xD;
Samoa&#xD;
San Marino&#xD;
Sao Tome and Principe&#xD;
Saudi Arabia&#xD;
Senegal&#xD;
Serbia&#xD;
Serbia and Montenegro&#xD;
Seychelles&#xD;
Sierra Leone&#xD;
Singapore&#xD;
Sint Maarten&#xD;
Slovakia&#xD;
Slovenia&#xD;
Solomon Islands&#xD;
Somalia&#xD;
South Africa&#xD;
South Georgia and the South Sandwich Islands&#xD;
South Sudan&#xD;
Spain&#xD;
Sri Lanka&#xD;
Sudan&#xD;
Suriname&#xD;
Svalbard and Jan Mayen&#xD;
Swaziland&#xD;
Sweden&#xD;
Switzerland&#xD;
Syrian Arab Republic&#xD;
Taiwan, Province of China&#xD;
Tajikistan&#xD;
Tanzania, United Republic of&#xD;
Thailand&#xD;
Timor-Leste&#xD;
Togo&#xD;
Tokelau&#xD;
Tonga&#xD;
Trinidad and Tobago&#xD;
Tunisia&#xD;
Turkey&#xD;
Turkmenistan&#xD;
Turks and Caicos Islands&#xD;
Tuvalu&#xD;
Uganda&#xD;
Ukraine&#xD;
United Arab Emirates&#xD;
United Kingdom&#xD;
United States&#xD;
United States Minor Outlying Islands&#xD;
Uruguay&#xD;
Uzbekistan&#xD;
Vanuatu&#xD;
Venezuela&#xD;
Viet Nam&#xD;
Virgin Islands, British&#xD;
Virgin Islands, U.s.&#xD;
Wallis and Futuna&#xD;
Western Sahara&#xD;
Yemen&#xD;
Zambia&#xD;
Zimbabwe</StdOut>
      </Output>
    </UnitTestResult>
    <UnitTestResult executionId="576ce214-1396-4e91-ac43-e7eefdc9a37e" testId="ef5ba789-4259-f953-44d1-ef07022ef8d5" testName="NewPage" computerName="SUBA_VACHU" duration="00:00:13.3500920" startTime="2025-11-05T21:28:06.7089547+05:30" endTime="2025-11-05T21:28:20.0590457+05:30" testType="13cdc9d9-ddb5-4fa4-a97d-d965ccfc6d4b" outcome="Passed" testListId="8c84fa94-04c1-424b-9868-57a2d4851a1d" relativeResultsDirectory="576ce214-1396-4e91-ac43-e7eefdc9a37e" />
    <UnitTestResult executionId="9ce09958-0325-426b-9c97-a119d6a49aa6" testId="6cee03f8-8ac4-016f-365f-65d70a6a0e66" testName="Table" computerName="SUBA_VACHU" duration="00:00:09.0669200" startTime="2025-11-05T21:28:29.0486593+05:30" endTime="2025-11-05T21:28:38.1155786+05:30" testType="13cdc9d9-ddb5-4fa4-a97d-d965ccfc6d4b" outcome="Failed" testListId="8c84fa94-04c1-424b-9868-57a2d4851a1d" relativeResultsDirectory="9ce09958-0325-426b-9c97-a119d6a49aa6">
      <Output>
        <StdOut>The cities are :Chennai&#xD;
The cities are :Bengaluru&#xD;
The cities are :Kolkata&#xD;
The cities are :Chennai&#xD;
The cities are :Pune&#xD;
The cities are :Chennai&#xD;
The cities are :Mumbai&#xD;
The cities are :Chennai&#xD;
The cities are :Delhi&#xD;
The count of Chennai is :4</StdOut>
        <ErrorInfo>
          <Message>  Chennai should appear at least once in the table.&#xD;
Assert.That(counts, Is.GreaterThan(50))&#xD;
  Expected: greater than 50&#xD;
  But was:  4&#xD;
</Message>
          <StackTrace>   at List.Lists() in C:\Kathir Automation\Kathir\Handson-20251014T045653Z-1-001\Handson\Pages\List.cs:line 24&#xD;
   at MainTest.Table() in C:\Kathir Automation\Kathir\Handson-20251014T045653Z-1-001\Handson\Test\Test1.cs:line 20&#xD;
   at NUnit.Framework.Internal.TaskAwaitAdapter.GenericAdapter`1.BlockUntilCompleted()&#xD;
   at NUnit.Framework.Internal.MessagePumpStrategy.NoMessagePumpStrategy.WaitForCompletion(AwaitAdapter awaiter)&#xD;
   at NUnit.Framework.Internal.AsyncToSyncAdapter.Await[TResult](TestExecutionContext context, Func`1 invoke)&#xD;
   at NUnit.Framework.Internal.AsyncToSyncAdapter.Await(TestExecutionContext context, Func`1 invoke)&#xD;
   at NUnit.Framework.Internal.Commands.TestMethodCommand.RunTestMethod(TestExecutionContext context)&#xD;
   at NUnit.Framework.Internal.Commands.TestMethodCommand.Execute(TestExecutionContext context)&#xD;
   at NUnit.Framework.Internal.Commands.BeforeAndAfterTestCommand.&lt;&gt;c__DisplayClass1_0.&lt;Execute&gt;b__0()&#xD;
   at NUnit.Framework.Internal.Commands.DelegatingTestCommand.RunTestMethodInThreadAbortSafeZone(TestExecutionContext context, Action action)&#xD;

1)    at List.Lists() in C:\Kathir Automation\Kathir\Handson-20251014T045653Z-1-001\Handson\Pages\List.cs:line 24&#xD;

</StackTrace>
        </ErrorInfo>
      </Output>
    </UnitTestResult>
    <UnitTestResult executionId="3c1f3dd3-8cab-495c-86c1-69d3a2ac21e7" testId="ee02cd69-865c-4bdb-8fe2-30d9d690da41" testName="ReUse" computerName="SUBA_VACHU" duration="00:00:02.5987619" startTime="2025-11-05T21:28:26.4496617+05:30" endTime="2025-11-05T21:28:29.0484235+05:30" testType="13cdc9d9-ddb5-4fa4-a97d-d965ccfc6d4b" outcome="Failed" testListId="8c84fa94-04c1-424b-9868-57a2d4851a1d" relativeResultsDirectory="3c1f3dd3-8cab-495c-86c1-69d3a2ac21e7">
      <Output>
        <ErrorInfo>
          <Message>Microsoft.Playwright.PlaywrightException : The specified storage state file does not exist: C:/Users/suba/OneDrive/Documents/Kathir/Handson-20251014T045653Z-1-001.json</Message>
          <StackTrace>   at Microsoft.Playwright.Core.Browser.NewContextAsync(BrowserNewContextOptions options) in /_/src/Playwright/Core/Browser.cs:line 148&#xD;
   at Reuse.ReuseLogin() in C:\Kathir Automation\Kathir\Handson-20251014T045653Z-1-001\Handson\Pages\Reuse.cs:line 18&#xD;
   at MainTest.ReUse() in C:\Kathir Automation\Kathir\Handson-20251014T045653Z-1-001\Handson\Test\Test1.cs:line 57&#xD;
   at NUnit.Framework.Internal.TaskAwaitAdapter.GenericAdapter`1.BlockUntilCompleted()&#xD;
   at NUnit.Framework.Internal.MessagePumpStrategy.NoMessagePumpStrategy.WaitForCompletion(AwaitAdapter awaiter)&#xD;
   at NUnit.Framework.Internal.AsyncToSyncAdapter.Await[TResult](TestExecutionContext context, Func`1 invoke)&#xD;
   at NUnit.Framework.Internal.AsyncToSyncAdapter.Await(TestExecutionContext context, Func`1 invoke)&#xD;
   at NUnit.Framework.Internal.Commands.TestMethodCommand.RunTestMethod(TestExecutionContext context)&#xD;
   at NUnit.Framework.Internal.Commands.TestMethodCommand.Execute(TestExecutionContext context)&#xD;
   at NUnit.Framework.Internal.Commands.BeforeAndAfterTestCommand.&lt;&gt;c__DisplayClass1_0.&lt;Execute&gt;b__0()&#xD;
   at NUnit.Framework.Internal.Commands.DelegatingTestCommand.RunTestMethodInThreadAbortSafeZone(TestExecutionContext context, Action action)
1)    at Microsoft.Playwright.Core.Browser.NewContextAsync(BrowserNewContextOptions options) in /_/src/Playwright/Core/Browser.cs:line 148&#xD;
   at Reuse.ReuseLogin() in C:\Kathir Automation\Kathir\Handson-20251014T045653Z-1-001\Handson\Pages\Reuse.cs:line 18&#xD;
   at MainTest.ReUse() in C:\Kathir Automation\Kathir\Handson-20251014T045653Z-1-001\Handson\Test\Test1.cs:line 57&#xD;
   at NUnit.Framework.Internal.TaskAwaitAdapter.GenericAdapter`1.BlockUntilCompleted()&#xD;
   at NUnit.Framework.Internal.MessagePumpStrategy.NoMessagePumpStrategy.WaitForCompletion(AwaitAdapter awaiter)&#xD;
   at NUnit.Framework.Internal.AsyncToSyncAdapter.Await[TResult](TestExecutionContext context, Func`1 invoke)&#xD;
   at NUnit.Framework.Internal.AsyncToSyncAdapter.Await(TestExecutionContext context, Func`1 invoke)&#xD;
   at NUnit.Framework.Internal.Commands.TestMethodCommand.RunTestMethod(TestExecutionContext context)&#xD;
   at NUnit.Framework.Internal.Commands.TestMethodCommand.Execute(TestExecutionContext context)&#xD;
   at NUnit.Framework.Internal.Commands.BeforeAndAfterTestCommand.&lt;&gt;c__DisplayClass1_0.&lt;Execute&gt;b__0()&#xD;
   at NUnit.Framework.Internal.Commands.DelegatingTestCommand.RunTestMethodInThreadAbortSafeZone(TestExecutionContext context, Action action)
</StackTrace>
        </ErrorInfo>
      </Output>
    </UnitTestResult>
    <UnitTestResult executionId="76ab895e-1f93-49f7-9ade-bed17571416b" testId="b36203e9-81d4-bdfd-a114-a1ecdde96b56" testName="DryRun" computerName="SUBA_VACHU" duration="00:00:07.1063670" startTime="2025-11-05T21:27:53.6687773+05:30" endTime="2025-11-05T21:28:00.7751434+05:30" testType="13cdc9d9-ddb5-4fa4-a97d-d965ccfc6d4b" outcome="Passed" testListId="8c84fa94-04c1-424b-9868-57a2d4851a1d" relativeResultsDirectory="76ab895e-1f93-49f7-9ade-bed17571416b">
      <Output>
        <StdOut>Completed</StdOut>
      </Output>
    </UnitTestResult>
  </Results>
  <TestDefinitions>
    <UnitTest name="Table" storage="c:\kathir automation\kathir\handson-20251014t045653z-1-001\handson\bin\debug\net9.0\handson.dll" id="6cee03f8-8ac4-016f-365f-65d70a6a0e66">
      <Execution id="9ce09958-0325-426b-9c97-a119d6a49aa6" />
      <TestMethod codeBase="C:\Kathir Automation\Kathir\Handson-20251014T045653Z-1-001\Handson\bin\Debug\net9.0\Handson.dll" adapterTypeName="executor://nunit3testexecutor/" className="MainTest" name="Table" />
    </UnitTest>
    <UnitTest name="ReUse" storage="c:\kathir automation\kathir\handson-20251014t045653z-1-001\handson\bin\debug\net9.0\handson.dll" id="ee02cd69-865c-4bdb-8fe2-30d9d690da41">
      <Execution id="3c1f3dd3-8cab-495c-86c1-69d3a2ac21e7" />
      <TestMethod codeBase="C:\Kathir Automation\Kathir\Handson-20251014T045653Z-1-001\Handson\bin\Debug\net9.0\Handson.dll" adapterTypeName="executor://nunit3testexecutor/" className="MainTest" name="ReUse" />
    </UnitTest>
    <UnitTest name="DropDown" storage="c:\kathir automation\kathir\handson-20251014t045653z-1-001\handson\bin\debug\net9.0\handson.dll" id="9bacdad4-5295-a9f9-bec7-45ea3e1f3efe">
      <Execution id="427af028-c5da-42da-ab85-9b38177b2043" />
      <TestMethod codeBase="C:\Kathir Automation\Kathir\Handson-20251014T045653Z-1-001\Handson\bin\Debug\net9.0\Handson.dll" adapterTypeName="executor://nunit3testexecutor/" className="MainTest" name="DropDown" />
    </UnitTest>
    <UnitTest name="authentication" storage="c:\kathir automation\kathir\handson-20251014t045653z-1-001\handson\bin\debug\net9.0\handson.dll" id="e8f1371e-9c54-cc06-9485-d7cfb28b50ae">
      <Execution id="df6d673f-3d76-4374-a083-3ed7a6d36864" />
      <TestMethod codeBase="C:\Kathir Automation\Kathir\Handson-20251014T045653Z-1-001\Handson\bin\Debug\net9.0\Handson.dll" adapterTypeName="executor://nunit3testexecutor/" className="MainTest" name="authentication" />
    </UnitTest>
    <UnitTest name="NewPage" storage="c:\kathir automation\kathir\handson-20251014t045653z-1-001\handson\bin\debug\net9.0\handson.dll" id="ef5ba789-4259-f953-44d1-ef07022ef8d5">
      <Execution id="576ce214-1396-4e91-ac43-e7eefdc9a37e" />
      <TestMethod codeBase="C:\Kathir Automation\Kathir\Handson-20251014T045653Z-1-001\Handson\bin\Debug\net9.0\Handson.dll" adapterTypeName="executor://nunit3testexecutor/" className="MainTest" name="NewPage" />
    </UnitTest>
    <UnitTest name="DryRun" storage="c:\kathir automation\kathir\handson-20251014t045653z-1-001\handson\bin\debug\net9.0\handson.dll" id="b36203e9-81d4-bdfd-a114-a1ecdde96b56">
      <Execution id="76ab895e-1f93-49f7-9ade-bed17571416b" />
      <TestMethod codeBase="C:\Kathir Automation\Kathir\Handson-20251014T045653Z-1-001\Handson\bin\Debug\net9.0\Handson.dll" adapterTypeName="executor://nunit3testexecutor/" className="MainTest" name="DryRun" />
    </UnitTest>
    <UnitTest name="Fetch" storage="c:\kathir automation\kathir\handson-20251014t045653z-1-001\handson\bin\debug\net9.0\handson.dll" id="af8c816a-1a12-bafd-d4c4-f017a4af07f4">
      <Execution id="5da1a9b8-5e8d-4d77-b86a-d1529da7f052" />
      <TestMethod codeBase="C:\Kathir Automation\Kathir\Handson-20251014T045653Z-1-001\Handson\bin\Debug\net9.0\Handson.dll" adapterTypeName="executor://nunit3testexecutor/" className="MainTest" name="Fetch" />
    </UnitTest>
    <UnitTest name="PriceAndName" storage="c:\kathir automation\kathir\handson-20251014t045653z-1-001\handson\bin\debug\net9.0\handson.dll" id="5b394d8f-75f9-8aa7-9717-8d787853dabf">
      <Execution id="4d4ea061-2402-4c36-8709-6ebdd182b163" />
      <TestMethod codeBase="C:\Kathir Automation\Kathir\Handson-20251014T045653Z-1-001\Handson\bin\Debug\net9.0\Handson.dll" adapterTypeName="executor://nunit3testexecutor/" className="MainTest" name="PriceAndName" />
    </UnitTest>
  </TestDefinitions>
  <TestEntries>
    <TestEntry testId="5b394d8f-75f9-8aa7-9717-8d787853dabf" executionId="4d4ea061-2402-4c36-8709-6ebdd182b163" testListId="8c84fa94-04c1-424b-9868-57a2d4851a1d" />
    <TestEntry testId="af8c816a-1a12-bafd-d4c4-f017a4af07f4" executionId="5da1a9b8-5e8d-4d77-b86a-d1529da7f052" testListId="8c84fa94-04c1-424b-9868-57a2d4851a1d" />
    <TestEntry testId="e8f1371e-9c54-cc06-9485-d7cfb28b50ae" executionId="df6d673f-3d76-4374-a083-3ed7a6d36864" testListId="8c84fa94-04c1-424b-9868-57a2d4851a1d" />
    <TestEntry testId="9bacdad4-5295-a9f9-bec7-45ea3e1f3efe" executionId="427af028-c5da-42da-ab85-9b38177b2043" testListId="8c84fa94-04c1-424b-9868-57a2d4851a1d" />
    <TestEntry testId="ef5ba789-4259-f953-44d1-ef07022ef8d5" executionId="576ce214-1396-4e91-ac43-e7eefdc9a37e" testListId="8c84fa94-04c1-424b-9868-57a2d4851a1d" />
    <TestEntry testId="6cee03f8-8ac4-016f-365f-65d70a6a0e66" executionId="9ce09958-0325-426b-9c97-a119d6a49aa6" testListId="8c84fa94-04c1-424b-9868-57a2d4851a1d" />
    <TestEntry testId="ee02cd69-865c-4bdb-8fe2-30d9d690da41" executionId="3c1f3dd3-8cab-495c-86c1-69d3a2ac21e7" testListId="8c84fa94-04c1-424b-9868-57a2d4851a1d" />
    <TestEntry testId="b36203e9-81d4-bdfd-a114-a1ecdde96b56" executionId="76ab895e-1f93-49f7-9ade-bed17571416b" testListId="8c84fa94-04c1-424b-9868-57a2d4851a1d" />
  </TestEntries>
  <TestLists>
    <TestList name="Results Not in a List" id="8c84fa94-04c1-424b-9868-57a2d4851a1d" />
    <TestList name="All Loaded Results" id="19431567-8539-422a-85d7-44ee4e166bda" />
  </TestLists>
  <ResultSummary outcome="Failed">
    <Counters total="8" executed="8" passed="6" failed="2" error="0" timeout="0" aborted="0" inconclusive="0" passedButRunAborted="0" notRunnable="0" notExecuted="0" disconnected="0" warning="0" completed="0" inProgress="0" pending="0" />
    <Output>
      <StdOut>NUnit Adapter 5.1.0.0: Test execution started&#xD;
Running all tests in C:\Kathir Automation\Kathir\Handson-20251014T045653Z-1-001\Handson\bin\Debug\net9.0\Handson.dll&#xD;
   NUnit3TestExecutor discovered 8 of 8 NUnit test cases using Current Discovery mode, Non-Explicit run&#xD;
Select&#xD;
              country&#xD;
Afghanistan&#xD;
Aland Islands&#xD;
Albania&#xD;
Algeria&#xD;
American Samoa&#xD;
Andorra&#xD;
Angola&#xD;
Anguilla&#xD;
Antarctica&#xD;
Antigua and Barbuda&#xD;
Argentina&#xD;
Armenia&#xD;
Aruba&#xD;
Australia&#xD;
Austria&#xD;
Azerbaijan&#xD;
Bahamas&#xD;
Bahrain&#xD;
Bangladesh&#xD;
Barbados&#xD;
Belarus&#xD;
Belgium&#xD;
Belize&#xD;
Benin&#xD;
Bermuda&#xD;
Bhutan&#xD;
Bolivia&#xD;
Bonaire, Sint Eustatius and Saba&#xD;
Bosnia and Herzegovina&#xD;
Botswana&#xD;
Bouvet Island&#xD;
Brazil&#xD;
British Indian Ocean Territory&#xD;
Brunei Darussalam&#xD;
Bulgaria&#xD;
Burkina Faso&#xD;
Burundi&#xD;
Cambodia&#xD;
Cameroon&#xD;
Canada&#xD;
Cape Verde&#xD;
Cayman Islands&#xD;
Central African Republic&#xD;
Chad&#xD;
Chile&#xD;
China&#xD;
Christmas Island&#xD;
Cocos (Keeling) Islands&#xD;
Colombia&#xD;
Comoros&#xD;
Congo&#xD;
Congo, Democratic Republic of the Congo&#xD;
Cook Islands&#xD;
Costa Rica&#xD;
Cote D'Ivoire&#xD;
Croatia&#xD;
Cuba&#xD;
Curacao&#xD;
Cyprus&#xD;
Czech Republic&#xD;
Denmark&#xD;
Djibouti&#xD;
Dominica&#xD;
Dominican Republic&#xD;
Ecuador&#xD;
Egypt&#xD;
El Salvador&#xD;
Equatorial Guinea&#xD;
Eritrea&#xD;
Estonia&#xD;
Ethiopia&#xD;
Falkland Islands (Malvinas)&#xD;
Faroe Islands&#xD;
Fiji&#xD;
Finland&#xD;
France&#xD;
French Guiana&#xD;
French Polynesia&#xD;
French Southern Territories&#xD;
Gabon&#xD;
Gambia&#xD;
Georgia&#xD;
Germany&#xD;
Ghana&#xD;
Gibraltar&#xD;
Greece&#xD;
Greenland&#xD;
Grenada&#xD;
Guadeloupe&#xD;
Guam&#xD;
Guatemala&#xD;
Guernsey&#xD;
Guinea&#xD;
Guinea-Bissau&#xD;
Guyana&#xD;
Haiti&#xD;
Heard Island and Mcdonald Islands&#xD;
Holy See (Vatican City State)&#xD;
Honduras&#xD;
Hong Kong&#xD;
Hungary&#xD;
Iceland&#xD;
India&#xD;
Indonesia&#xD;
Iran, Islamic Republic of&#xD;
Iraq&#xD;
Ireland&#xD;
Isle of Man&#xD;
Italy&#xD;
Jamaica&#xD;
Japan&#xD;
Jersey&#xD;
Jordan&#xD;
Kazakhstan&#xD;
Kenya&#xD;
Kiribati&#xD;
Korea, Democratic People's Republic of&#xD;
Korea, Republic of&#xD;
Kosovo&#xD;
Kuwait&#xD;
Kyrgyzstan&#xD;
Lao People's Democratic Republic&#xD;
Latvia&#xD;
Lebanon&#xD;
Lesotho&#xD;
Liberia&#xD;
Libyan Arab Jamahiriya&#xD;
Liechtenstein&#xD;
Lithuania&#xD;
Luxembourg&#xD;
Macao&#xD;
Macedonia, the Former Yugoslav Republic of&#xD;
Madagascar&#xD;
Malawi&#xD;
Malaysia&#xD;
Maldives&#xD;
Mali&#xD;
Malta&#xD;
Marshall Islands&#xD;
Martinique&#xD;
Mauritania&#xD;
Mauritius&#xD;
Mayotte&#xD;
Mexico&#xD;
Micronesia, Federated States of&#xD;
Moldova, Republic of&#xD;
Monaco&#xD;
Mongolia&#xD;
Montenegro&#xD;
Montserrat&#xD;
Morocco&#xD;
Mozambique&#xD;
Myanmar&#xD;
Namibia&#xD;
Nauru&#xD;
Nepal&#xD;
Netherlands&#xD;
Netherlands Antilles&#xD;
New Caledonia&#xD;
New Zealand&#xD;
Nicaragua&#xD;
Niger&#xD;
Nigeria&#xD;
Niue&#xD;
Norfolk Island&#xD;
Northern Mariana Islands&#xD;
Norway&#xD;
Oman&#xD;
Pakistan&#xD;
Palau&#xD;
Palestinian Territory, Occupied&#xD;
Panama&#xD;
Papua New Guinea&#xD;
Paraguay&#xD;
Peru&#xD;
Philippines&#xD;
Pitcairn&#xD;
Poland&#xD;
Portugal&#xD;
Puerto Rico&#xD;
Qatar&#xD;
Reunion&#xD;
Romania&#xD;
Russian Federation&#xD;
Rwanda&#xD;
Saint Barthelemy&#xD;
Saint Helena&#xD;
Saint Kitts and Nevis&#xD;
Saint Lucia&#xD;
Saint Martin&#xD;
Saint Pierre and Miquelon&#xD;
Saint Vincent and the Grenadines&#xD;
Samoa&#xD;
San Marino&#xD;
Sao Tome and Principe&#xD;
Saudi Arabia&#xD;
Senegal&#xD;
Serbia&#xD;
Serbia and Montenegro&#xD;
Seychelles&#xD;
Sierra Leone&#xD;
Singapore&#xD;
Sint Maarten&#xD;
Slovakia&#xD;
Slovenia&#xD;
Solomon Islands&#xD;
Somalia&#xD;
South Africa&#xD;
South Georgia and the South Sandwich Islands&#xD;
South Sudan&#xD;
Spain&#xD;
Sri Lanka&#xD;
Sudan&#xD;
Suriname&#xD;
Svalbard and Jan Mayen&#xD;
Swaziland&#xD;
Sweden&#xD;
Switzerland&#xD;
Syrian Arab Republic&#xD;
Taiwan, Province of China&#xD;
Tajikistan&#xD;
Tanzania, United Republic of&#xD;
Thailand&#xD;
Timor-Leste&#xD;
Togo&#xD;
Tokelau&#xD;
Tonga&#xD;
Trinidad and Tobago&#xD;
Tunisia&#xD;
Turkey&#xD;
Turkmenistan&#xD;
Turks and Caicos Islands&#xD;
Tuvalu&#xD;
Uganda&#xD;
Ukraine&#xD;
United Arab Emirates&#xD;
United Kingdom&#xD;
United States&#xD;
United States Minor Outlying Islands&#xD;
Uruguay&#xD;
Uzbekistan&#xD;
Vanuatu&#xD;
Venezuela&#xD;
Viet Nam&#xD;
Virgin Islands, British&#xD;
Virgin Islands, U.s.&#xD;
Wallis and Futuna&#xD;
Western Sahara&#xD;
Yemen&#xD;
Zambia&#xD;
Zimbabwe&#xD;
After removing India&#xD;
Select&#xD;
              country&#xD;
Afghanistan&#xD;
Aland Islands&#xD;
Albania&#xD;
Algeria&#xD;
American Samoa&#xD;
Andorra&#xD;
Angola&#xD;
Anguilla&#xD;
Antarctica&#xD;
Antigua and Barbuda&#xD;
Argentina&#xD;
Armenia&#xD;
Aruba&#xD;
Australia&#xD;
Austria&#xD;
Azerbaijan&#xD;
Bahamas&#xD;
Bahrain&#xD;
Bangladesh&#xD;
Barbados&#xD;
Belarus&#xD;
Belgium&#xD;
Belize&#xD;
Benin&#xD;
Bermuda&#xD;
Bhutan&#xD;
Bolivia&#xD;
Bonaire, Sint Eustatius and Saba&#xD;
Bosnia and Herzegovina&#xD;
Botswana&#xD;
Bouvet Island&#xD;
Brazil&#xD;
British Indian Ocean Territory&#xD;
Brunei Darussalam&#xD;
Bulgaria&#xD;
Burkina Faso&#xD;
Burundi&#xD;
Cambodia&#xD;
Cameroon&#xD;
Canada&#xD;
Cape Verde&#xD;
Cayman Islands&#xD;
Central African Republic&#xD;
Chad&#xD;
Chile&#xD;
China&#xD;
Christmas Island&#xD;
Cocos (Keeling) Islands&#xD;
Colombia&#xD;
Comoros&#xD;
Congo&#xD;
Congo, Democratic Republic of the Congo&#xD;
Cook Islands&#xD;
Costa Rica&#xD;
Cote D'Ivoire&#xD;
Croatia&#xD;
Cuba&#xD;
Curacao&#xD;
Cyprus&#xD;
Czech Republic&#xD;
Denmark&#xD;
Djibouti&#xD;
Dominica&#xD;
Dominican Republic&#xD;
Ecuador&#xD;
Egypt&#xD;
El Salvador&#xD;
Equatorial Guinea&#xD;
Eritrea&#xD;
Estonia&#xD;
Ethiopia&#xD;
Falkland Islands (Malvinas)&#xD;
Faroe Islands&#xD;
Fiji&#xD;
Finland&#xD;
France&#xD;
French Guiana&#xD;
French Polynesia&#xD;
French Southern Territories&#xD;
Gabon&#xD;
Gambia&#xD;
Georgia&#xD;
Germany&#xD;
Ghana&#xD;
Gibraltar&#xD;
Greece&#xD;
Greenland&#xD;
Grenada&#xD;
Guadeloupe&#xD;
Guam&#xD;
Guatemala&#xD;
Guernsey&#xD;
Guinea&#xD;
Guinea-Bissau&#xD;
Guyana&#xD;
Haiti&#xD;
Heard Island and Mcdonald Islands&#xD;
Holy See (Vatican City State)&#xD;
Honduras&#xD;
Hong Kong&#xD;
Hungary&#xD;
Iceland&#xD;
Indonesia&#xD;
Iran, Islamic Republic of&#xD;
Iraq&#xD;
Ireland&#xD;
Isle of Man&#xD;
Italy&#xD;
Jamaica&#xD;
Japan&#xD;
Jersey&#xD;
Jordan&#xD;
Kazakhstan&#xD;
Kenya&#xD;
Kiribati&#xD;
Korea, Democratic People's Republic of&#xD;
Korea, Republic of&#xD;
Kosovo&#xD;
Kuwait&#xD;
Kyrgyzstan&#xD;
Lao People's Democratic Republic&#xD;
Latvia&#xD;
Lebanon&#xD;
Lesotho&#xD;
Liberia&#xD;
Libyan Arab Jamahiriya&#xD;
Liechtenstein&#xD;
Lithuania&#xD;
Luxembourg&#xD;
Macao&#xD;
Macedonia, the Former Yugoslav Republic of&#xD;
Madagascar&#xD;
Malawi&#xD;
Malaysia&#xD;
Maldives&#xD;
Mali&#xD;
Malta&#xD;
Marshall Islands&#xD;
Martinique&#xD;
Mauritania&#xD;
Mauritius&#xD;
Mayotte&#xD;
Mexico&#xD;
Micronesia, Federated States of&#xD;
Moldova, Republic of&#xD;
Monaco&#xD;
Mongolia&#xD;
Montenegro&#xD;
Montserrat&#xD;
Morocco&#xD;
Mozambique&#xD;
Myanmar&#xD;
Namibia&#xD;
Nauru&#xD;
Nepal&#xD;
Netherlands&#xD;
Netherlands Antilles&#xD;
New Caledonia&#xD;
New Zealand&#xD;
Nicaragua&#xD;
Niger&#xD;
Nigeria&#xD;
Niue&#xD;
Norfolk Island&#xD;
Northern Mariana Islands&#xD;
Norway&#xD;
Oman&#xD;
Pakistan&#xD;
Palau&#xD;
Palestinian Territory, Occupied&#xD;
Panama&#xD;
Papua New Guinea&#xD;
Paraguay&#xD;
Peru&#xD;
Philippines&#xD;
Pitcairn&#xD;
Poland&#xD;
Portugal&#xD;
Puerto Rico&#xD;
Qatar&#xD;
Reunion&#xD;
Romania&#xD;
Russian Federation&#xD;
Rwanda&#xD;
Saint Barthelemy&#xD;
Saint Helena&#xD;
Saint Kitts and Nevis&#xD;
Saint Lucia&#xD;
Saint Martin&#xD;
Saint Pierre and Miquelon&#xD;
Saint Vincent and the Grenadines&#xD;
Samoa&#xD;
San Marino&#xD;
Sao Tome and Principe&#xD;
Saudi Arabia&#xD;
Senegal&#xD;
Serbia&#xD;
Serbia and Montenegro&#xD;
Seychelles&#xD;
Sierra Leone&#xD;
Singapore&#xD;
Sint Maarten&#xD;
Slovakia&#xD;
Slovenia&#xD;
Solomon Islands&#xD;
Somalia&#xD;
South Africa&#xD;
South Georgia and the South Sandwich Islands&#xD;
South Sudan&#xD;
Spain&#xD;
Sri Lanka&#xD;
Sudan&#xD;
Suriname&#xD;
Svalbard and Jan Mayen&#xD;
Swaziland&#xD;
Sweden&#xD;
Switzerland&#xD;
Syrian Arab Republic&#xD;
Taiwan, Province of China&#xD;
Tajikistan&#xD;
Tanzania, United Republic of&#xD;
Thailand&#xD;
Timor-Leste&#xD;
Togo&#xD;
Tokelau&#xD;
Tonga&#xD;
Trinidad and Tobago&#xD;
Tunisia&#xD;
Turkey&#xD;
Turkmenistan&#xD;
Turks and Caicos Islands&#xD;
Tuvalu&#xD;
Uganda&#xD;
Ukraine&#xD;
United Arab Emirates&#xD;
United Kingdom&#xD;
United States&#xD;
United States Minor Outlying Islands&#xD;
Uruguay&#xD;
Uzbekistan&#xD;
Vanuatu&#xD;
Venezuela&#xD;
Viet Nam&#xD;
Virgin Islands, British&#xD;
Virgin Islands, U.s.&#xD;
Wallis and Futuna&#xD;
Western Sahara&#xD;
Yemen&#xD;
Zambia&#xD;
Zimbabwe&#xD;
&#xD;
DryRun: Completed&#xD;
The cities are :Chennai&#xD;
The cities are :Bengaluru&#xD;
The cities are :Kolkata&#xD;
The cities are :Chennai&#xD;
The cities are :Pune&#xD;
The cities are :Chennai&#xD;
The cities are :Mumbai&#xD;
The cities are :Chennai&#xD;
The cities are :Delhi&#xD;
The sorted cities are:Bengaluru, Chennai, Chennai, Chennai, Chennai, Delhi, Kolkata, Mumbai, Pune&#xD;
&#xD;
Book: Selenium Ruby | Price: ₹500.00&#xD;
Book: Thinking in HTML | Price: ₹450.00&#xD;
₹400.00&#xD;
Book: Mastering JavaScript | Price: ₹350.00&#xD;
Total number of hyperlinks: 23&#xD;
&#xD;
The cities are :Chennai&#xD;
The cities are :Bengaluru&#xD;
The cities are :Kolkata&#xD;
The cities are :Chennai&#xD;
The cities are :Pune&#xD;
The cities are :Chennai&#xD;
The cities are :Mumbai&#xD;
The cities are :Chennai&#xD;
The cities are :Delhi&#xD;
The count of Chennai is :4&#xD;
&#xD;
NUnit Adapter 5.1.0.0: Test execution complete&#xD;
</StdOut>
    </Output>
  </ResultSummary>
</TestRun>